C51 COMPILER V9.60.7.0   ELEVATOR                                                          06/03/2025 14:08:03 PAGE 1   


C51 COMPILER V9.60.7.0, COMPILATION OF MODULE ELEVATOR
OBJECT MODULE PLACED IN .\Objects\elevator.obj
COMPILER INVOKED BY: C:\Keil_v5\C51\BIN\C51.EXE elevator.c OPTIMIZE(8,SPEED) BROWSE DEBUG OBJECTEXTEND PRINT(.\Listings\
                    -elevator.lst) TABS(2) OBJECT(.\Objects\elevator.obj)

line level    source

   1          #include <REG51.H>
   2          #include <stdio.h>
   3          
   4          int floor, rotation, speed;
   5          
   6          rotation = 10; // Number of rotations per floor
   7          speed = 10;    // Motor rotation speed (0 max, 32000 min)
   8          
   9          wait(c) {
  10   1          int i, j;
  11   1          if (c == 0) {
  12   2              for (i = 0; i < 500; i++) {
  13   3                  for (j = 0; j < speed; j++) {
  14   4                      ;
  15   4                  }
  16   3              }
  17   2          }
  18   1          return;
  19   1      }
  20          
  21          // Elevator going up
  22          up(b) {
  23   1          int i, j;
  24   1          for (i = 1; i <= b; i++) {
  25   2              for (j = 0; j <= 10; j++) {
  26   3                  P3 = 1;
  27   3                  wait(0);
  28   3                  P3 = 2;
  29   3                  wait(0);
  30   3                  P3 = 4;
  31   3                  wait(0);
  32   3                  P3 = 8;
  33   3                  wait(0);
  34   3              }
  35   2              P2 = floor + i;
  36   2          }
  37   1          floor = floor + b;
  38   1          return;
  39   1      }
  40          
  41          // Elevator going down
  42          down(b) {
  43   1          int i, j;
  44   1          for (i = 1; i <= b; i++) {
  45   2              for (j = 0; j <= rotation; j++) {
  46   3                  P3 = 8;
  47   3                  wait(0);
  48   3                  P3 = 4;
  49   3                  wait(0);
  50   3                  P3 = 2;
  51   3                  wait(0);
  52   3                  P3 = 1;
  53   3                  wait(0);
  54   3              }
C51 COMPILER V9.60.7.0   ELEVATOR                                                          06/03/2025 14:08:03 PAGE 2   

  55   2              P2 = floor - i;
  56   2          }
  57   1          floor = floor - b;
  58   1          return;
  59   1      }
  60          
  61          control(a) {
  62   1          int difference;
  63   1          if (a > floor) {
  64   2              difference = a - floor;
  65   2              up(difference);
  66   2          }
  67   1          if (a < floor) {
  68   2              difference = floor - a;
  69   2              down(difference);
  70   2          }
  71   1          return;
  72   1      }
  73          
  74          main() {
  75   1          int floor1;
  76   1          floor = 1;
  77   1          P2 = floor;
  78   1          while (1) {
  79   2              if (P0 == 1) {
  80   3                  floor1 = 1;
  81   3                  control(1);
  82   3              }
  83   2              if (P0 == 2) {
  84   3                  floor1 = 2;
  85   3                  control(2);
  86   3              }
  87   2              if (P0 == 4) {
  88   3                  floor1 = 3;
  89   3                  control(3);
  90   3              }
  91   2              if (P0 == 8) {
  92   3                  floor1 = 4;
  93   3                  control(4);
  94   3              }
  95   2              if (P0 == 16) {
  96   3                  floor1 = 5;
  97   3                  control(5);
  98   3              }
  99   2          }
 100   1      }
*** WARNING C290 IN LINE 19 OF elevator.c: missing return value
*** WARNING C290 IN LINE 39 OF elevator.c: missing return value
*** WARNING C290 IN LINE 59 OF elevator.c: missing return value
*** WARNING C290 IN LINE 72 OF elevator.c: missing return value


MODULE INFORMATION:   STATIC OVERLAYABLE
   CODE SIZE        =    413    ----
   CONSTANT SIZE    =   ----    ----
   XDATA SIZE       =   ----    ----
   PDATA SIZE       =   ----    ----
   DATA SIZE        =      6      10
   IDATA SIZE       =   ----    ----
   BIT SIZE         =   ----    ----
END OF MODULE INFORMATION.


C51 COMPILATION COMPLETE.  4 WARNING(S),  0 ERROR(S)
