BL51 BANKED LINKER/LOCATER V6.22.4.0                                                    06/03/2025  14:08:03  PAGE 1


BL51 BANKED LINKER/LOCATER V6.22.4.0, INVOKED BY:
C:\KEIL_V5\C51\BIN\BL51.EXE .\Objects\STARTUP.obj, .\Objects\elevator.obj TO .\Objects\elevator PRINT (.\Listings\elevat
>> or.m51)


MEMORY MODEL: SMALL


INPUT MODULES INCLUDED:
  .\Objects\STARTUP.obj (?C_STARTUP)
  .\Objects\elevator.obj (ELEVATOR)
  C:\KEIL_V5\C51\LIB\C51S.LIB (?C_INIT)


LINK MAP OF MODULE:  .\Objects\elevator (?C_STARTUP)


            TYPE    BASE      LENGTH    RELOCATION   SEGMENT NAME
            -----------------------------------------------------

            * * * * * * *   D A T A   M E M O R Y   * * * * * * *
            REG     0000H     0008H     ABSOLUTE     "REG BANK 0"
            DATA    0008H     0008H     UNIT         _DATA_GROUP_
            DATA    0010H     0006H     UNIT         ?DT?ELEVATOR
            IDATA   0016H     0001H     UNIT         ?STACK

            * * * * * * *   C O D E   M E M O R Y   * * * * * * *
            CODE    0000H     0003H     ABSOLUTE     
                    0003H     07FDH                  *** GAP ***
            CODE    0800H     008CH     UNIT         ?C_C51STARTUP
            CODE    088CH     0065H     UNIT         ?PR?MAIN?ELEVATOR
            CODE    08F1H     0061H     UNIT         ?PR?_DOWN?ELEVATOR
            CODE    0952H     0054H     UNIT         ?PR?_UP?ELEVATOR
            CODE    09A6H     004CH     UNIT         ?PR?_CONTROL?ELEVATOR
            CODE    09F2H     0037H     UNIT         ?PR?_WAIT?ELEVATOR
            CODE    0A29H     0009H     UNIT         ?C_INITSEG



OVERLAY MAP OF MODULE:   .\Objects\elevator (?C_STARTUP)


SEGMENT                          DATA_GROUP 
  +--> CALLED SEGMENT          START    LENGTH
----------------------------------------------
?C_C51STARTUP                  -----    -----
  +--> ?PR?MAIN?ELEVATOR
  +--> ?C_INITSEG

?PR?MAIN?ELEVATOR              0008H    0002H
  +--> ?PR?_CONTROL?ELEVATOR

?PR?_CONTROL?ELEVATOR          000AH    0004H
  +--> ?PR?_UP?ELEVATOR
  +--> ?PR?_DOWN?ELEVATOR

?PR?_UP?ELEVATOR               000EH    0002H
  +--> ?PR?_WAIT?ELEVATOR
BL51 BANKED LINKER/LOCATER V6.22.4.0                                                  06/03/2025  14:08:03  PAGE 2



?PR?_DOWN?ELEVATOR             000EH    0002H
  +--> ?PR?_WAIT?ELEVATOR



SYMBOL TABLE OF MODULE:  .\Objects\elevator (?C_STARTUP)

  VALUE           TYPE          NAME
  ----------------------------------

  -------         MODULE        ?C_STARTUP
  C:0800H         SEGMENT       ?C_C51STARTUP
  I:0016H         SEGMENT       ?STACK
  C:0000H         PUBLIC        ?C_STARTUP
  D:00E0H         SYMBOL        ACC
  D:00F0H         SYMBOL        B
  D:0083H         SYMBOL        DPH
  D:0082H         SYMBOL        DPL
  N:0000H         SYMBOL        IBPSTACK
  N:0100H         SYMBOL        IBPSTACKTOP
  N:0080H         SYMBOL        IDATALEN
  C:0803H         SYMBOL        IDATALOOP
  N:0000H         SYMBOL        PBPSTACK
  N:0100H         SYMBOL        PBPSTACKTOP
  N:0000H         SYMBOL        PDATALEN
  N:0000H         SYMBOL        PDATASTART
  N:0000H         SYMBOL        PPAGE
  N:0000H         SYMBOL        PPAGEENABLE
  D:00A0H         SYMBOL        PPAGE_SFR
  D:0081H         SYMBOL        SP
  C:0800H         SYMBOL        STARTUP1
  N:0000H         SYMBOL        XBPSTACK
  N:0000H         SYMBOL        XBPSTACKTOP
  N:0000H         SYMBOL        XDATALEN
  N:0000H         SYMBOL        XDATASTART
  C:0000H         LINE#         126
  C:0800H         LINE#         133
  C:0802H         LINE#         134
  C:0803H         LINE#         135
  C:0804H         LINE#         136
  C:0806H         LINE#         185
  C:0809H         LINE#         196
  -------         ENDMOD        ?C_STARTUP

  -------         MODULE        ELEVATOR
  C:0000H         SYMBOL        _ICE_DUMMY_
  D:0080H         PUBLIC        P0
  D:00A0H         PUBLIC        P2
  D:00B0H         PUBLIC        P3
  C:09A6H         PUBLIC        _control
  D:0010H         PUBLIC        speed
  D:0012H         PUBLIC        floor
  C:088CH         PUBLIC        main
  C:09FEH         PUBLIC        _wait
  C:08F1H         PUBLIC        _down
  C:0952H         PUBLIC        _up
BL51 BANKED LINKER/LOCATER V6.22.4.0                                                  06/03/2025  14:08:03  PAGE 3


  D:0014H         PUBLIC        rotation
  -------         PROC          L?0038
  -------         ENDPROC       L?0038
  -------         PROC          _WAIT
  D:0006H         SYMBOL        c
  -------         DO            
  D:0006H         SYMBOL        i
  D:0004H         SYMBOL        j
  -------         ENDDO         
  C:09FEH         LINE#         9
  C:09FEH         LINE#         11
  C:0A02H         LINE#         12
  C:0A04H         LINE#         13
  C:0A16H         LINE#         15
  C:0A1DH         LINE#         16
  C:0A28H         LINE#         17
  C:0A28H         LINE#         19
  -------         ENDPROC       _WAIT
  -------         PROC          _UP
  D:000EH         SYMBOL        b
  -------         DO            
  D:0002H         SYMBOL        i
  D:0082H         SYMBOL        j
  -------         ENDDO         
  C:0952H         LINE#         22
  C:0956H         LINE#         24
  C:0969H         LINE#         25
  C:096CH         LINE#         26
  C:096FH         LINE#         27
  C:096FH         LINE#         28
  C:096FH         LINE#         29
  C:0972H         LINE#         30
  C:0975H         LINE#         31
  C:097BH         LINE#         32
  C:097EH         LINE#         33
  C:0984H         LINE#         34
  C:098DH         LINE#         35
  C:0992H         LINE#         36
  C:0999H         LINE#         37
  C:09A5H         LINE#         39
  -------         ENDPROC       _UP
  -------         PROC          _DOWN
  D:000EH         SYMBOL        b
  -------         DO            
  D:0002H         SYMBOL        i
  D:0082H         SYMBOL        j
  -------         ENDDO         
  C:08F1H         LINE#         42
  C:08F5H         LINE#         44
  C:0908H         LINE#         45
  C:091CH         LINE#         46
  C:091FH         LINE#         47
  C:0925H         LINE#         48
  C:0928H         LINE#         49
  C:0928H         LINE#         50
  C:0928H         LINE#         51
  C:092BH         LINE#         52
BL51 BANKED LINKER/LOCATER V6.22.4.0                                                  06/03/2025  14:08:03  PAGE 4


  C:092EH         LINE#         53
  C:0934H         LINE#         54
  C:0937H         LINE#         55
  C:093DH         LINE#         56
  C:0944H         LINE#         57
  C:0951H         LINE#         59
  -------         ENDPROC       _DOWN
  -------         PROC          _CONTROL
  D:000AH         SYMBOL        a
  -------         DO            
  D:000CH         SYMBOL        difference
  -------         ENDDO         
  C:09A6H         LINE#         61
  C:09AAH         LINE#         63
  C:09BBH         LINE#         64
  C:09C7H         LINE#         65
  C:09CDH         LINE#         66
  C:09CDH         LINE#         67
  C:09DEH         LINE#         68
  C:09EBH         LINE#         69
  C:09F1H         LINE#         70
  C:09F1H         LINE#         72
  -------         ENDPROC       _CONTROL
  -------         PROC          MAIN
  -------         DO            
  D:0008H         SYMBOL        floor1
  -------         ENDDO         
  C:088CH         LINE#         74
  C:088CH         LINE#         76
  C:0892H         LINE#         77
  C:0895H         LINE#         78
  C:0895H         LINE#         79
  C:089AH         LINE#         80
  C:08A0H         LINE#         81
  C:08A7H         LINE#         82
  C:08A7H         LINE#         83
  C:08ACH         LINE#         84
  C:08B2H         LINE#         85
  C:08B9H         LINE#         86
  C:08B9H         LINE#         87
  C:08BEH         LINE#         88
  C:08C4H         LINE#         89
  C:08CBH         LINE#         90
  C:08CBH         LINE#         91
  C:08D0H         LINE#         92
  C:08D6H         LINE#         93
  C:08DDH         LINE#         94
  C:08DDH         LINE#         95
  C:08E2H         LINE#         96
  C:08E8H         LINE#         97
  C:08EFH         LINE#         98
  C:08EFH         LINE#         99
  -------         ENDPROC       MAIN
  -------         ENDMOD        ELEVATOR

******************************************************************************
* RESTRICTED VERSION WITH 0800H BYTE CODE SIZE LIMIT; USED: 01B4H BYTE (21%) *
BL51 BANKED LINKER/LOCATER V6.22.4.0                                                  06/03/2025  14:08:03  PAGE 5


******************************************************************************

Program Size: data=23.0 xdata=0 code=565
LINK/LOCATE RUN COMPLETE.  0 WARNING(S),  0 ERROR(S)
